TAP version 13
# Subtest: twelve approved rows; exact five corrected fields and plain age IDs
ok 1 - twelve approved rows; exact five corrected fields and plain age IDs
  ---
  duration_ms: 49.222
  type: 'test'
  ...
# Subtest: six approved missions, twelve conditions, seven actions, original PASS distribution
ok 2 - six approved missions, twelve conditions, seven actions, original PASS distribution
  ---
  duration_ms: 8.9015
  type: 'test'
  ...
# Subtest: W24-C1/preschool: state flow, book, report and storage
ok 3 - W24-C1/preschool: state flow, book, report and storage
  ---
  duration_ms: 54.273
  type: 'test'
  ...
# Subtest: W24-C1/elementary-low: state flow, book, report and storage
ok 4 - W24-C1/elementary-low: state flow, book, report and storage
  ---
  duration_ms: 30.3205
  type: 'test'
  ...
# Subtest: W24-C1/elementary-high: state flow, book, report and storage
ok 5 - W24-C1/elementary-high: state flow, book, report and storage
  ---
  duration_ms: 31.9043
  type: 'test'
  ...
# Subtest: W24-C1/middle-school: state flow, book, report and storage
ok 6 - W24-C1/middle-school: state flow, book, report and storage
  ---
  duration_ms: 30.7045
  type: 'test'
  ...
# Subtest: W24-C1/high-school: state flow, book, report and storage
ok 7 - W24-C1/high-school: state flow, book, report and storage
  ---
  duration_ms: 25.4202
  type: 'test'
  ...
# Subtest: W24-C1/adult: state flow, book, report and storage
ok 8 - W24-C1/adult: state flow, book, report and storage
  ---
  duration_ms: 23.6943
  type: 'test'
  ...
# Subtest: W24-C2/preschool: state flow, book, report and storage
ok 9 - W24-C2/preschool: state flow, book, report and storage
  ---
  duration_ms: 30.4129
  type: 'test'
  ...
# Subtest: W24-C2/elementary-low: state flow, book, report and storage
ok 10 - W24-C2/elementary-low: state flow, book, report and storage
  ---
  duration_ms: 28.7455
  type: 'test'
  ...
# Subtest: W24-C2/elementary-high: state flow, book, report and storage
ok 11 - W24-C2/elementary-high: state flow, book, report and storage
  ---
  duration_ms: 23.4161
  type: 'test'
  ...
# Subtest: W24-C2/middle-school: state flow, book, report and storage
ok 12 - W24-C2/middle-school: state flow, book, report and storage
  ---
  duration_ms: 17.2491
  type: 'test'
  ...
# Subtest: W24-C2/high-school: state flow, book, report and storage
ok 13 - W24-C2/high-school: state flow, book, report and storage
  ---
  duration_ms: 24.7173
  type: 'test'
  ...
# Subtest: W24-C2/adult: state flow, book, report and storage
ok 14 - W24-C2/adult: state flow, book, report and storage
  ---
  duration_ms: 34.9714
  type: 'test'
  ...
# Subtest: W01-C1/preschool: state flow, book, report and storage
ok 15 - W01-C1/preschool: state flow, book, report and storage
  ---
  duration_ms: 47.7985
  type: 'test'
  ...
# Subtest: W01-C1/elementary-low: state flow, book, report and storage
ok 16 - W01-C1/elementary-low: state flow, book, report and storage
  ---
  duration_ms: 29.0595
  type: 'test'
  ...
# Subtest: W01-C1/elementary-high: state flow, book, report and storage
ok 17 - W01-C1/elementary-high: state flow, book, report and storage
  ---
  duration_ms: 36.8987
  type: 'test'
  ...
# Subtest: W01-C1/middle-school: state flow, book, report and storage
ok 18 - W01-C1/middle-school: state flow, book, report and storage
  ---
  duration_ms: 33.2508
  type: 'test'
  ...
# Subtest: W01-C1/high-school: state flow, book, report and storage
ok 19 - W01-C1/high-school: state flow, book, report and storage
  ---
  duration_ms: 37.5995
  type: 'test'
  ...
# Subtest: W01-C1/adult: state flow, book, report and storage
ok 20 - W01-C1/adult: state flow, book, report and storage
  ---
  duration_ms: 25.8235
  type: 'test'
  ...
# Subtest: W01-C2/preschool: state flow, book, report and storage
ok 21 - W01-C2/preschool: state flow, book, report and storage
  ---
  duration_ms: 26.9807
  type: 'test'
  ...
# Subtest: W01-C2/elementary-low: state flow, book, report and storage
ok 22 - W01-C2/elementary-low: state flow, book, report and storage
  ---
  duration_ms: 30.2415
  type: 'test'
  ...
# Subtest: W01-C2/elementary-high: state flow, book, report and storage
ok 23 - W01-C2/elementary-high: state flow, book, report and storage
  ---
  duration_ms: 24.5351
  type: 'test'
  ...
# Subtest: W01-C2/middle-school: state flow, book, report and storage
ok 24 - W01-C2/middle-school: state flow, book, report and storage
  ---
  duration_ms: 20.536
  type: 'test'
  ...
# Subtest: W01-C2/high-school: state flow, book, report and storage
ok 25 - W01-C2/high-school: state flow, book, report and storage
  ---
  duration_ms: 27.8153
  type: 'test'
  ...
# Subtest: W01-C2/adult: state flow, book, report and storage
ok 26 - W01-C2/adult: state flow, book, report and storage
  ---
  duration_ms: 28.9412
  type: 'test'
  ...
# Subtest: W15-C1/preschool: state flow, book, report and storage
ok 27 - W15-C1/preschool: state flow, book, report and storage
  ---
  duration_ms: 30.6703
  type: 'test'
  ...
# Subtest: W15-C1/elementary-low: state flow, book, report and storage
ok 28 - W15-C1/elementary-low: state flow, book, report and storage
  ---
  duration_ms: 18.663
  type: 'test'
  ...
# Subtest: W15-C1/elementary-high: state flow, book, report and storage
ok 29 - W15-C1/elementary-high: state flow, book, report and storage
  ---
  duration_ms: 17.0895
  type: 'test'
  ...
# Subtest: W15-C1/middle-school: state flow, book, report and storage
ok 30 - W15-C1/middle-school: state flow, book, report and storage
  ---
  duration_ms: 19.9071
  type: 'test'
  ...
# Subtest: W15-C1/high-school: state flow, book, report and storage
ok 31 - W15-C1/high-school: state flow, book, report and storage
  ---
  duration_ms: 18.4167
  type: 'test'
  ...
# Subtest: W15-C1/adult: state flow, book, report and storage
ok 32 - W15-C1/adult: state flow, book, report and storage
  ---
  duration_ms: 16.8996
  type: 'test'
  ...
# Subtest: W15-C2/preschool: state flow, book, report and storage
ok 33 - W15-C2/preschool: state flow, book, report and storage
  ---
  duration_ms: 20.4173
  type: 'test'
  ...
# Subtest: W15-C2/elementary-low: state flow, book, report and storage
ok 34 - W15-C2/elementary-low: state flow, book, report and storage
  ---
  duration_ms: 20.3795
  type: 'test'
  ...
# Subtest: W15-C2/elementary-high: state flow, book, report and storage
ok 35 - W15-C2/elementary-high: state flow, book, report and storage
  ---
  duration_ms: 20.6398
  type: 'test'
  ...
# Subtest: W15-C2/middle-school: state flow, book, report and storage
ok 36 - W15-C2/middle-school: state flow, book, report and storage
  ---
  duration_ms: 19.7551
  type: 'test'
  ...
# Subtest: W15-C2/high-school: state flow, book, report and storage
ok 37 - W15-C2/high-school: state flow, book, report and storage
  ---
  duration_ms: 15.2917
  type: 'test'
  ...
# Subtest: W15-C2/adult: state flow, book, report and storage
ok 38 - W15-C2/adult: state flow, book, report and storage
  ---
  duration_ms: 15.6708
  type: 'test'
  ...
# Subtest: W29-C1/preschool: state flow, book, report and storage
ok 39 - W29-C1/preschool: state flow, book, report and storage
  ---
  duration_ms: 15.3214
  type: 'test'
  ...
# Subtest: W29-C1/elementary-low: state flow, book, report and storage
ok 40 - W29-C1/elementary-low: state flow, book, report and storage
  ---
  duration_ms: 14.5384
  type: 'test'
  ...
# Subtest: W29-C1/elementary-high: state flow, book, report and storage
ok 41 - W29-C1/elementary-high: state flow, book, report and storage
  ---
  duration_ms: 18.0981
  type: 'test'
  ...
# Subtest: W29-C1/middle-school: state flow, book, report and storage
ok 42 - W29-C1/middle-school: state flow, book, report and storage
  ---
  duration_ms: 14.4501
  type: 'test'
  ...
# Subtest: W29-C1/high-school: state flow, book, report and storage
ok 43 - W29-C1/high-school: state flow, book, report and storage
  ---
  duration_ms: 15.6663
  type: 'test'
  ...
# Subtest: W29-C1/adult: state flow, book, report and storage
ok 44 - W29-C1/adult: state flow, book, report and storage
  ---
  duration_ms: 14.8947
  type: 'test'
  ...
# Subtest: W29-C2/preschool: state flow, book, report and storage
ok 45 - W29-C2/preschool: state flow, book, report and storage
  ---
  duration_ms: 12.7595
  type: 'test'
  ...
# Subtest: W29-C2/elementary-low: state flow, book, report and storage
ok 46 - W29-C2/elementary-low: state flow, book, report and storage
  ---
  duration_ms: 18.7912
  type: 'test'
  ...
# Subtest: W29-C2/elementary-high: state flow, book, report and storage
ok 47 - W29-C2/elementary-high: state flow, book, report and storage
  ---
  duration_ms: 21.809
  type: 'test'
  ...
# Subtest: W29-C2/middle-school: state flow, book, report and storage
ok 48 - W29-C2/middle-school: state flow, book, report and storage
  ---
  duration_ms: 17.972
  type: 'test'
  ...
# Subtest: W29-C2/high-school: state flow, book, report and storage
ok 49 - W29-C2/high-school: state flow, book, report and storage
  ---
  duration_ms: 33.663
  type: 'test'
  ...
# Subtest: W29-C2/adult: state flow, book, report and storage
ok 50 - W29-C2/adult: state flow, book, report and storage
  ---
  duration_ms: 35.6202
  type: 'test'
  ...
# Subtest: W39-C1/preschool: state flow, book, report and storage
ok 51 - W39-C1/preschool: state flow, book, report and storage
  ---
  duration_ms: 37.2911
  type: 'test'
  ...
# Subtest: W39-C1/elementary-low: state flow, book, report and storage
ok 52 - W39-C1/elementary-low: state flow, book, report and storage
  ---
  duration_ms: 36.7874
  type: 'test'
  ...
# Subtest: W39-C1/elementary-high: state flow, book, report and storage
ok 53 - W39-C1/elementary-high: state flow, book, report and storage
  ---
  duration_ms: 35.9913
  type: 'test'
  ...
# Subtest: W39-C1/middle-school: state flow, book, report and storage
ok 54 - W39-C1/middle-school: state flow, book, report and storage
  ---
  duration_ms: 25.4095
  type: 'test'
  ...
# Subtest: W39-C1/high-school: state flow, book, report and storage
ok 55 - W39-C1/high-school: state flow, book, report and storage
  ---
  duration_ms: 32.2994
  type: 'test'
  ...
# Subtest: W39-C1/adult: state flow, book, report and storage
ok 56 - W39-C1/adult: state flow, book, report and storage
  ---
  duration_ms: 32.7066
  type: 'test'
  ...
# Subtest: W39-C2/preschool: state flow, book, report and storage
ok 57 - W39-C2/preschool: state flow, book, report and storage
  ---
  duration_ms: 26.9475
  type: 'test'
  ...
# Subtest: W39-C2/elementary-low: state flow, book, report and storage
ok 58 - W39-C2/elementary-low: state flow, book, report and storage
  ---
  duration_ms: 23.3948
  type: 'test'
  ...
# Subtest: W39-C2/elementary-high: state flow, book, report and storage
ok 59 - W39-C2/elementary-high: state flow, book, report and storage
  ---
  duration_ms: 30.7086
  type: 'test'
  ...
# Subtest: W39-C2/middle-school: state flow, book, report and storage
ok 60 - W39-C2/middle-school: state flow, book, report and storage
  ---
  duration_ms: 28.3241
  type: 'test'
  ...
# Subtest: W39-C2/high-school: state flow, book, report and storage
ok 61 - W39-C2/high-school: state flow, book, report and storage
  ---
  duration_ms: 23.396
  type: 'test'
  ...
# Subtest: W39-C2/adult: state flow, book, report and storage
ok 62 - W39-C2/adult: state flow, book, report and storage
  ---
  duration_ms: 26.7592
  type: 'test'
  ...
# Subtest: W44-C1/preschool: state flow, book, report and storage
ok 63 - W44-C1/preschool: state flow, book, report and storage
  ---
  duration_ms: 22.835
  type: 'test'
  ...
# Subtest: W44-C1/elementary-low: state flow, book, report and storage
ok 64 - W44-C1/elementary-low: state flow, book, report and storage
  ---
  duration_ms: 21.2557
  type: 'test'
  ...
# Subtest: W44-C1/elementary-high: state flow, book, report and storage
ok 65 - W44-C1/elementary-high: state flow, book, report and storage
  ---
  duration_ms: 24.3007
  type: 'test'
  ...
# Subtest: W44-C1/middle-school: state flow, book, report and storage
ok 66 - W44-C1/middle-school: state flow, book, report and storage
  ---
  duration_ms: 18.4822
  type: 'test'
  ...
# Subtest: W44-C1/high-school: state flow, book, report and storage
ok 67 - W44-C1/high-school: state flow, book, report and storage
  ---
  duration_ms: 18.7089
  type: 'test'
  ...
# Subtest: W44-C1/adult: state flow, book, report and storage
ok 68 - W44-C1/adult: state flow, book, report and storage
  ---
  duration_ms: 21.743
  type: 'test'
  ...
# Subtest: W44-C2/preschool: state flow, book, report and storage
ok 69 - W44-C2/preschool: state flow, book, report and storage
  ---
  duration_ms: 19.0054
  type: 'test'
  ...
# Subtest: W44-C2/elementary-low: state flow, book, report and storage
ok 70 - W44-C2/elementary-low: state flow, book, report and storage
  ---
  duration_ms: 23.4341
  type: 'test'
  ...
# Subtest: W44-C2/elementary-high: state flow, book, report and storage
ok 71 - W44-C2/elementary-high: state flow, book, report and storage
  ---
  duration_ms: 18.1968
  type: 'test'
  ...
# Subtest: W44-C2/middle-school: state flow, book, report and storage
ok 72 - W44-C2/middle-school: state flow, book, report and storage
  ---
  duration_ms: 21.0341
  type: 'test'
  ...
# Subtest: W44-C2/high-school: state flow, book, report and storage
ok 73 - W44-C2/high-school: state flow, book, report and storage
  ---
  duration_ms: 19.3449
  type: 'test'
  ...
# Subtest: W44-C2/adult: state flow, book, report and storage
ok 74 - W44-C2/adult: state flow, book, report and storage
  ---
  duration_ms: 19.1771
  type: 'test'
  ...
# Subtest: prediction cannot be bypassed, edited or reused after reveal
ok 75 - prediction cannot be bypassed, edited or reused after reveal
  ---
  duration_ms: 5.1817
  type: 'test'
  ...
# Subtest: unknown input does not invent observation or successful result
ok 76 - unknown input does not invent observation or successful result
  ---
  duration_ms: 3.8046
  type: 'test'
  ...
# Subtest: four missing states and legacy records remain distinct without backfill
ok 77 - four missing states and legacy records remain distinct without backfill
  ---
  duration_ms: 0.572
  type: 'test'
  ...
# Subtest: repository protects creation IDs, revisions, event history and prediction
ok 78 - repository protects creation IDs, revisions, event history and prediction
  ---
  duration_ms: 7.7812
  type: 'test'
  ...
# Subtest: profile contains no assessment scores and requires explicit source and age
ok 79 - profile contains no assessment scores and requires explicit source and age
  ---
  duration_ms: 0.5283
  type: 'test'
  ...
# Subtest: content rejects missing keys, internal claims and incorrect age IDs
ok 80 - content rejects missing keys, internal claims and incorrect age IDs
  ---
  duration_ms: 3.9792
  type: 'test'
  ...
# Subtest: W24-C1 rejects foreign materials and unsupported fields
ok 81 - W24-C1 rejects foreign materials and unsupported fields
  ---
  duration_ms: 0.5653
  type: 'test'
  ...
# Subtest: W24-C2 rejects foreign materials and unsupported fields
ok 82 - W24-C2 rejects foreign materials and unsupported fields
  ---
  duration_ms: 0.3012
  type: 'test'
  ...
# Subtest: W01-C1 rejects foreign materials and unsupported fields
ok 83 - W01-C1 rejects foreign materials and unsupported fields
  ---
  duration_ms: 0.2157
  type: 'test'
  ...
# Subtest: W01-C2 rejects foreign materials and unsupported fields
ok 84 - W01-C2 rejects foreign materials and unsupported fields
  ---
  duration_ms: 0.2637
  type: 'test'
  ...
# Subtest: W15-C1 rejects foreign materials and unsupported fields
ok 85 - W15-C1 rejects foreign materials and unsupported fields
  ---
  duration_ms: 0.235
  type: 'test'
  ...
# Subtest: W15-C2 rejects foreign materials and unsupported fields
ok 86 - W15-C2 rejects foreign materials and unsupported fields
  ---
  duration_ms: 0.293
  type: 'test'
  ...
# Subtest: W29-C1 rejects foreign materials and unsupported fields
ok 87 - W29-C1 rejects foreign materials and unsupported fields
  ---
  duration_ms: 0.3089
  type: 'test'
  ...
# Subtest: W29-C2 rejects foreign materials and unsupported fields
ok 88 - W29-C2 rejects foreign materials and unsupported fields
  ---
  duration_ms: 0.2073
  type: 'test'
  ...
# Subtest: W39-C1 rejects foreign materials and unsupported fields
ok 89 - W39-C1 rejects foreign materials and unsupported fields
  ---
  duration_ms: 0.2539
  type: 'test'
  ...
# Subtest: W39-C2 rejects foreign materials and unsupported fields
ok 90 - W39-C2 rejects foreign materials and unsupported fields
  ---
  duration_ms: 0.1936
  type: 'test'
  ...
# Subtest: W44-C1 rejects foreign materials and unsupported fields
ok 91 - W44-C1 rejects foreign materials and unsupported fields
  ---
  duration_ms: 0.1657
  type: 'test'
  ...
# Subtest: W44-C2 rejects foreign materials and unsupported fields
ok 92 - W44-C2 rejects foreign materials and unsupported fields
  ---
  duration_ms: 0.2244
  type: 'test'
  ...
# Subtest: identical input, content version and explicit metadata produce identical artifacts
ok 93 - identical input, content version and explicit metadata produce identical artifacts
  ---
  duration_ms: 7.8107
  type: 'test'
  ...
# Subtest: canvas cross-result links and raw drawing traces in events are rejected
ok 94 - canvas cross-result links and raw drawing traces in events are rejected
  ---
  duration_ms: 7.2694
  type: 'test'
  ...
1..94
# tests 94
# suites 0
# pass 94
# fail 0
# cancelled 0
# skipped 0
# todo 0
# duration_ms 4344.2831
