
> nuvia-history-representative-six@0.3.2 test
> tsx --test tests/*.test.ts

✔ twelve approved rows; exact five corrected fields and plain age IDs (28.7555ms)
✔ new comparison release versions only runtime W24 copy; original and other five missions stay intact (17.9564ms)
✔ W24-C1/preschool: free comparison roundtrip preserves both originals and links (6.9861ms)
✔ W24-C1/elementary-low: free comparison roundtrip preserves both originals and links (5.1824ms)
✔ W24-C1/elementary-high: free comparison roundtrip preserves both originals and links (2.6332ms)
✔ W24-C1/middle-school: free comparison roundtrip preserves both originals and links (3.5867ms)
✔ W24-C1/high-school: free comparison roundtrip preserves both originals and links (4.2494ms)
✔ W24-C1/adult: free comparison roundtrip preserves both originals and links (4.653ms)
✔ W24-C2/preschool: free comparison roundtrip preserves both originals and links (2.482ms)
✔ W24-C2/elementary-low: free comparison roundtrip preserves both originals and links (5.5706ms)
✔ W24-C2/elementary-high: free comparison roundtrip preserves both originals and links (3.5081ms)
✔ W24-C2/middle-school: free comparison roundtrip preserves both originals and links (3.8353ms)
✔ W24-C2/high-school: free comparison roundtrip preserves both originals and links (3.6444ms)
✔ W24-C2/adult: free comparison roundtrip preserves both originals and links (4.4703ms)
✔ comparison supports voice without writing or inferred judgement (2.7929ms)
✔ comparison supports drawing without writing or inferred judgement (3.7882ms)
✔ comparison supports mixed without writing or inferred judgement (2.7411ms)
✔ comparison supports deferred without writing or inferred judgement (3.1261ms)
✔ comparison rejects category choices, extraneous classifier fields, empty entries and evidence-only entries (5.2978ms)
✔ comparison rejects result, condition, version and kind mixing (4.8112ms)
✔ completed comparison cannot be rewritten when next comparison is saved (2.5521ms)
✔ legacy records remain readable without generating or migrating new comparison data (1.9469ms)
✔ six approved missions, twelve conditions, seven actions, original PASS distribution (4.5399ms)
✔ W24-C1/preschool: state flow, book, report and storage (30.3507ms)
✔ W24-C1/elementary-low: state flow, book, report and storage (16.9134ms)
✔ W24-C1/elementary-high: state flow, book, report and storage (14.1473ms)
✔ W24-C1/middle-school: state flow, book, report and storage (14.9431ms)
✔ W24-C1/high-school: state flow, book, report and storage (22.4797ms)
✔ W24-C1/adult: state flow, book, report and storage (17.1205ms)
✔ W24-C2/preschool: state flow, book, report and storage (14.2494ms)
✔ W24-C2/elementary-low: state flow, book, report and storage (15.9797ms)
✔ W24-C2/elementary-high: state flow, book, report and storage (18.0948ms)
✔ W24-C2/middle-school: state flow, book, report and storage (16.7615ms)
✔ W24-C2/high-school: state flow, book, report and storage (15.7882ms)
✔ W24-C2/adult: state flow, book, report and storage (12.0549ms)
✔ W01-C1/preschool: state flow, book, report and storage (11.4314ms)
✔ W01-C1/elementary-low: state flow, book, report and storage (9.4562ms)
✔ W01-C1/elementary-high: state flow, book, report and storage (11.6901ms)
✔ W01-C1/middle-school: state flow, book, report and storage (10.1889ms)
✔ W01-C1/high-school: state flow, book, report and storage (9.3778ms)
✔ W01-C1/adult: state flow, book, report and storage (13.193ms)
✔ W01-C2/preschool: state flow, book, report and storage (11.1266ms)
✔ W01-C2/elementary-low: state flow, book, report and storage (10.2397ms)
✔ W01-C2/elementary-high: state flow, book, report and storage (7.931ms)
✔ W01-C2/middle-school: state flow, book, report and storage (12.2876ms)
✔ W01-C2/high-school: state flow, book, report and storage (8.3412ms)
✔ W01-C2/adult: state flow, book, report and storage (8.1175ms)
✔ W15-C1/preschool: state flow, book, report and storage (12.1567ms)
✔ W15-C1/elementary-low: state flow, book, report and storage (7.667ms)
✔ W15-C1/elementary-high: state flow, book, report and storage (9.4085ms)
✔ W15-C1/middle-school: state flow, book, report and storage (8.5551ms)
✔ W15-C1/high-school: state flow, book, report and storage (9.5353ms)
✔ W15-C1/adult: state flow, book, report and storage (10.0585ms)
✔ W15-C2/preschool: state flow, book, report and storage (15.054ms)
✔ W15-C2/elementary-low: state flow, book, report and storage (9.3391ms)
✔ W15-C2/elementary-high: state flow, book, report and storage (9.997ms)
✔ W15-C2/middle-school: state flow, book, report and storage (15.5754ms)
✔ W15-C2/high-school: state flow, book, report and storage (16.411ms)
✔ W15-C2/adult: state flow, book, report and storage (9.8483ms)
✔ W29-C1/preschool: state flow, book, report and storage (10.3958ms)
✔ W29-C1/elementary-low: state flow, book, report and storage (8.3343ms)
✔ W29-C1/elementary-high: state flow, book, report and storage (9.4081ms)
✔ W29-C1/middle-school: state flow, book, report and storage (7.6329ms)
✔ W29-C1/high-school: state flow, book, report and storage (10.8394ms)
✔ W29-C1/adult: state flow, book, report and storage (7.5594ms)
✔ W29-C2/preschool: state flow, book, report and storage (12.4595ms)
✔ W29-C2/elementary-low: state flow, book, report and storage (8.7789ms)
✔ W29-C2/elementary-high: state flow, book, report and storage (7.4764ms)
✔ W29-C2/middle-school: state flow, book, report and storage (9.2879ms)
✔ W29-C2/high-school: state flow, book, report and storage (7.4452ms)
✔ W29-C2/adult: state flow, book, report and storage (11.3791ms)
✔ W39-C1/preschool: state flow, book, report and storage (9.9207ms)
✔ W39-C1/elementary-low: state flow, book, report and storage (10.9467ms)
✔ W39-C1/elementary-high: state flow, book, report and storage (9.566ms)
✔ W39-C1/middle-school: state flow, book, report and storage (9.7256ms)
✔ W39-C1/high-school: state flow, book, report and storage (8.8911ms)
✔ W39-C1/adult: state flow, book, report and storage (8.3238ms)
✔ W39-C2/preschool: state flow, book, report and storage (8.9787ms)
✔ W39-C2/elementary-low: state flow, book, report and storage (7.7076ms)
✔ W39-C2/elementary-high: state flow, book, report and storage (10.2892ms)
✔ W39-C2/middle-school: state flow, book, report and storage (9.2308ms)
✔ W39-C2/high-school: state flow, book, report and storage (12.5413ms)
✔ W39-C2/adult: state flow, book, report and storage (11.7239ms)
✔ W44-C1/preschool: state flow, book, report and storage (7.6554ms)
✔ W44-C1/elementary-low: state flow, book, report and storage (15.2302ms)
✔ W44-C1/elementary-high: state flow, book, report and storage (9.1327ms)
✔ W44-C1/middle-school: state flow, book, report and storage (8.3792ms)
✔ W44-C1/high-school: state flow, book, report and storage (8.4926ms)
✔ W44-C1/adult: state flow, book, report and storage (8.2571ms)
✔ W44-C2/preschool: state flow, book, report and storage (9.6043ms)
✔ W44-C2/elementary-low: state flow, book, report and storage (8.9473ms)
✔ W44-C2/elementary-high: state flow, book, report and storage (8.032ms)
✔ W44-C2/middle-school: state flow, book, report and storage (8.1018ms)
✔ W44-C2/high-school: state flow, book, report and storage (8.8197ms)
✔ W44-C2/adult: state flow, book, report and storage (7.771ms)
✔ prediction cannot be bypassed, edited or reused after reveal (2.6927ms)
✔ unknown input does not invent observation or successful result (1.4019ms)
✔ four missing states and legacy records remain distinct without backfill (0.1775ms)
✔ repository protects creation IDs, revisions, event history and prediction (2.7679ms)
✔ profile contains no assessment scores and requires explicit source and age (0.2432ms)
✔ content rejects missing keys, internal claims and incorrect age IDs (2.2142ms)
✔ W24-C1 rejects foreign materials and unsupported fields (0.2807ms)
✔ W24-C2 rejects foreign materials and unsupported fields (0.1515ms)
✔ W01-C1 rejects foreign materials and unsupported fields (0.1277ms)
✔ W01-C2 rejects foreign materials and unsupported fields (0.1109ms)
✔ W15-C1 rejects foreign materials and unsupported fields (0.1239ms)
✔ W15-C2 rejects foreign materials and unsupported fields (0.1459ms)
✔ W29-C1 rejects foreign materials and unsupported fields (0.1487ms)
✔ W29-C2 rejects foreign materials and unsupported fields (0.1136ms)
✔ W39-C1 rejects foreign materials and unsupported fields (0.1092ms)
✔ W39-C2 rejects foreign materials and unsupported fields (0.1243ms)
✔ W44-C1 rejects foreign materials and unsupported fields (0.1194ms)
✔ W44-C2 rejects foreign materials and unsupported fields (0.0994ms)
✔ identical input, content version and explicit metadata produce identical artifacts (2.9078ms)
✔ canvas cross-result links and raw drawing traces in events are rejected (1.9268ms)
✔ W24-C1 preschool support 1 (17.955ms)
✔ W24-C1 preschool support 2 (4.5516ms)
✔ W24-C1 preschool support 3 (5.7001ms)
✔ W24-C1 elementary-low support 1 (7.1214ms)
✔ W24-C1 elementary-low support 2 (4.2022ms)
✔ W24-C1 elementary-low support 3 (3.2609ms)
✔ W24-C1 elementary-high support 1 (4.7453ms)
✔ W24-C1 elementary-high support 2 (5.5529ms)
✔ W24-C1 elementary-high support 3 (4.9892ms)
✔ W24-C1 middle-school support 1 (4.8678ms)
✔ W24-C1 middle-school support 2 (4.8174ms)
✔ W24-C1 middle-school support 3 (4.4676ms)
✔ W24-C1 high-school support 1 (3.3236ms)
✔ W24-C1 high-school support 2 (5.436ms)
✔ W24-C1 high-school support 3 (7.4473ms)
✔ W24-C1 adult support 1 (5.1462ms)
✔ W24-C1 adult support 2 (5.1717ms)
✔ W24-C1 adult support 3 (4.095ms)
✔ W24-C2 preschool support 1 (4.8285ms)
✔ W24-C2 preschool support 2 (5.4353ms)
✔ W24-C2 preschool support 3 (3.8531ms)
✔ W24-C2 elementary-low support 1 (3.9622ms)
✔ W24-C2 elementary-low support 2 (4.3034ms)
✔ W24-C2 elementary-low support 3 (3.6454ms)
✔ W24-C2 elementary-high support 1 (2.5292ms)
✔ W24-C2 elementary-high support 2 (2.1834ms)
✔ W24-C2 elementary-high support 3 (2.2557ms)
✔ W24-C2 middle-school support 1 (2.5896ms)
✔ W24-C2 middle-school support 2 (2.9285ms)
✔ W24-C2 middle-school support 3 (4.6492ms)
✔ W24-C2 high-school support 1 (2.2248ms)
✔ W24-C2 high-school support 2 (2.2074ms)
✔ W24-C2 high-school support 3 (2.5266ms)
✔ W24-C2 adult support 1 (2.087ms)
✔ W24-C2 adult support 2 (2.6412ms)
✔ W24-C2 adult support 3 (5.492ms)
✔ R2 provenance / immutable prediction / independent equal writing 1 preschool (20.4222ms)
✔ R2 provenance / immutable prediction / independent equal writing 1 elementary-low (10.9793ms)
✔ R2 provenance / immutable prediction / independent equal writing 1 elementary-high (9.5392ms)
✔ R2 provenance / immutable prediction / independent equal writing 1 middle-school (10.7876ms)
✔ R2 provenance / immutable prediction / independent equal writing 1 high-school (7.8799ms)
✔ R2 provenance / immutable prediction / independent equal writing 1 adult (8.015ms)
✔ R2 provenance / immutable prediction / independent equal writing 2 preschool (9.7475ms)
✔ R2 provenance / immutable prediction / independent equal writing 2 elementary-low (5.9868ms)
✔ R2 provenance / immutable prediction / independent equal writing 2 elementary-high (5.28ms)
✔ R2 provenance / immutable prediction / independent equal writing 2 middle-school (6.671ms)
✔ R2 provenance / immutable prediction / independent equal writing 2 high-school (5.4753ms)
✔ R2 provenance / immutable prediction / independent equal writing 2 adult (8.2874ms)
✔ R2 prevents sharing media refs, does not invent story or compare fields (4.1044ms)
✔ story and canvas cannot mutate after creation; old chosen labels remain stored but not authored (2.95ms)
ℹ tests 165
ℹ suites 0
ℹ pass 165
ℹ fail 0
ℹ cancelled 0
ℹ skipped 0
ℹ todo 0
ℹ duration_ms 1297.6355
